[###OREO###]
 [--------]
[###OREO###]

[###OREO###]

 [--------]
[###OREO###]

[###OREO###]

[###OREO###]

[###OREO###]
 [--------]
[###OREO###]
 [--------]
[###OREO###]

 [--------]
 [--------]
 [--------]
 [--------]

[###OREO###]
[###OREO###]
[###OREO###]
[###OREO###]

[###OREO###]
 [--------]
[###OREO###]
[###OREO###]

[###OREO###]
 [--------]
[###OREO###]
 [--------]
 [--------]
 [--------]
[###OREO###]
 [--------]

